164. Printing statistics.

=== compute_core ===

   Number of wires:              32973
   Number of wire bits:          33610
   Number of public wires:         887
   Number of public wire bits:    1524
   Number of ports:                  7
   Number of port bits:            644
   Number of memories:               0
   Number of memory bits:            0
   Number of processes:              0
   Number of cells:              33478
     sky130_fd_sc_hd__a2111o_2      64
     sky130_fd_sc_hd__a2111oi_2     20
     sky130_fd_sc_hd__a211o_2      331
     sky130_fd_sc_hd__a211oi_2      94
     sky130_fd_sc_hd__a21bo_2      103
     sky130_fd_sc_hd__a21boi_2      70
     sky130_fd_sc_hd__a21o_2      1166
     sky130_fd_sc_hd__a21oi_2     1122
     sky130_fd_sc_hd__a221o_2      121
     sky130_fd_sc_hd__a221oi_2      11
     sky130_fd_sc_hd__a22o_2       424
     sky130_fd_sc_hd__a22oi_2      393
     sky130_fd_sc_hd__a2bb2o_2     167
     sky130_fd_sc_hd__a2bb2oi_2      2
     sky130_fd_sc_hd__a311o_2       70
     sky130_fd_sc_hd__a311oi_2      12
     sky130_fd_sc_hd__a31o_2       827
     sky130_fd_sc_hd__a31oi_2       61
     sky130_fd_sc_hd__a32o_2       233
     sky130_fd_sc_hd__a32oi_2       17
     sky130_fd_sc_hd__a41o_2        80
     sky130_fd_sc_hd__a41oi_2        3
     sky130_fd_sc_hd__and2_2      1500
     sky130_fd_sc_hd__and2b_2      980
     sky130_fd_sc_hd__and3_2      1228
     sky130_fd_sc_hd__and3b_2       96
     sky130_fd_sc_hd__and4_2       640
     sky130_fd_sc_hd__and4b_2       99
     sky130_fd_sc_hd__and4bb_2     174
     sky130_fd_sc_hd__buf_2         16
     sky130_fd_sc_hd__dfxtp_2     1376
     sky130_fd_sc_hd__inv_2       1259
     sky130_fd_sc_hd__mux2_1      2112
     sky130_fd_sc_hd__mux4_2        52
     sky130_fd_sc_hd__nand2_2     3124
     sky130_fd_sc_hd__nand2b_2     354
     sky130_fd_sc_hd__nand3_2      340
     sky130_fd_sc_hd__nand3b_2      33
     sky130_fd_sc_hd__nand4_2       45
     sky130_fd_sc_hd__nand4b_2       7
     sky130_fd_sc_hd__nor2_2      3646
     sky130_fd_sc_hd__nor3_2       264
     sky130_fd_sc_hd__nor3b_2       15
     sky130_fd_sc_hd__nor4_2        40
     sky130_fd_sc_hd__nor4b_2       11
     sky130_fd_sc_hd__o2111a_2      58
     sky130_fd_sc_hd__o2111ai_2     23
     sky130_fd_sc_hd__o211a_2      846
     sky130_fd_sc_hd__o211ai_2     109
     sky130_fd_sc_hd__o21a_2       731
     sky130_fd_sc_hd__o21ai_2      829
     sky130_fd_sc_hd__o21ba_2      281
     sky130_fd_sc_hd__o21bai_2      70
     sky130_fd_sc_hd__o221a_2      205
     sky130_fd_sc_hd__o221ai_2      26
     sky130_fd_sc_hd__o22a_2       327
     sky130_fd_sc_hd__o22ai_2       60
     sky130_fd_sc_hd__o2bb2a_2     424
     sky130_fd_sc_hd__o2bb2ai_2      1
     sky130_fd_sc_hd__o311a_2       61
     sky130_fd_sc_hd__o311ai_2       9
     sky130_fd_sc_hd__o31a_2       135
     sky130_fd_sc_hd__o31ai_2       67
     sky130_fd_sc_hd__o32a_2       169
     sky130_fd_sc_hd__o32ai_2       11
     sky130_fd_sc_hd__o41a_2        31
     sky130_fd_sc_hd__o41ai_2        8
     sky130_fd_sc_hd__or2_2       2088
     sky130_fd_sc_hd__or3_2        940
     sky130_fd_sc_hd__or3b_2       321
     sky130_fd_sc_hd__or4_2        417
     sky130_fd_sc_hd__or4b_2        95
     sky130_fd_sc_hd__or4bb_2       34
     sky130_fd_sc_hd__xnor2_2     1640
     sky130_fd_sc_hd__xor2_2       660

   Chip area for module '\compute_core': 315687.769600
     of which used for sequential elements: 29268.070400 (9.27%)

