
15. Executing PROC_DLATCH pass (convert process syncs to latches).
No latch inferred for signal `\compute_core.\q_row[0]' from process `\compute_core.$proc$/home/pratibha/codefest/cf07/hdl/synth_top.sv:0$171'.
No latch inferred for signal `\compute_core.\q_row[1]' from process `\compute_core.$proc$/home/pratibha/codefest/cf07/hdl/synth_top.sv:0$171'.
No latch inferred for signal `\compute_core.\q_row[2]' from process `\compute_core.$proc$/home/pratibha/codefest/cf07/hdl/synth_top.sv:0$171'.
No latch inferred for signal `\compute_core.\q_row[3]' from process `\compute_core.$proc$/home/pratibha/codefest/cf07/hdl/synth_top.sv:0$171'.
No latch inferred for signal `\compute_core.\k_col[0]' from process `\compute_core.$proc$/home/pratibha/codefest/cf07/hdl/synth_top.sv:0$171'.
No latch inferred for signal `\compute_core.\k_col[1]' from process `\compute_core.$proc$/home/pratibha/codefest/cf07/hdl/synth_top.sv:0$171'.
No latch inferred for signal `\compute_core.\k_col[2]' from process `\compute_core.$proc$/home/pratibha/codefest/cf07/hdl/synth_top.sv:0$171'.
No latch inferred for signal `\compute_core.\k_col[3]' from process `\compute_core.$proc$/home/pratibha/codefest/cf07/hdl/synth_top.sv:0$171'.
No latch inferred for signal `\compute_core.\a_wire[0]' from process `\compute_core.$proc$/home/pratibha/codefest/cf07/hdl/synth_top.sv:0$171'.
No latch inferred for signal `\compute_core.\a_wire[1]' from process `\compute_core.$proc$/home/pratibha/codefest/cf07/hdl/synth_top.sv:0$171'.
No latch inferred for signal `\compute_core.\a_wire[2]' from process `\compute_core.$proc$/home/pratibha/codefest/cf07/hdl/synth_top.sv:0$171'.
No latch inferred for signal `\compute_core.\a_wire[3]' from process `\compute_core.$proc$/home/pratibha/codefest/cf07/hdl/synth_top.sv:0$171'.
No latch inferred for signal `\compute_core.\a_wire[4]' from process `\compute_core.$proc$/home/pratibha/codefest/cf07/hdl/synth_top.sv:0$171'.
No latch inferred for signal `\compute_core.\a_wire[5]' from process `\compute_core.$proc$/home/pratibha/codefest/cf07/hdl/synth_top.sv:0$171'.
No latch inferred for signal `\compute_core.\a_wire[6]' from process `\compute_core.$proc$/home/pratibha/codefest/cf07/hdl/synth_top.sv:0$171'.
No latch inferred for signal `\compute_core.\a_wire[7]' from process `\compute_core.$proc$/home/pratibha/codefest/cf07/hdl/synth_top.sv:0$171'.
No latch inferred for signal `\compute_core.\a_wire[8]' from process `\compute_core.$proc$/home/pratibha/codefest/cf07/hdl/synth_top.sv:0$171'.
No latch inferred for signal `\compute_core.\a_wire[9]' from process `\compute_core.$proc$/home/pratibha/codefest/cf07/hdl/synth_top.sv:0$171'.
No latch inferred for signal `\compute_core.\a_wire[10]' from process `\compute_core.$proc$/home/pratibha/codefest/cf07/hdl/synth_top.sv:0$171'.
No latch inferred for signal `\compute_core.\a_wire[11]' from process `\compute_core.$proc$/home/pratibha/codefest/cf07/hdl/synth_top.sv:0$171'.
No latch inferred for signal `\compute_core.\a_wire[12]' from process `\compute_core.$proc$/home/pratibha/codefest/cf07/hdl/synth_top.sv:0$171'.
No latch inferred for signal `\compute_core.\a_wire[13]' from process `\compute_core.$proc$/home/pratibha/codefest/cf07/hdl/synth_top.sv:0$171'.
No latch inferred for signal `\compute_core.\a_wire[14]' from process `\compute_core.$proc$/home/pratibha/codefest/cf07/hdl/synth_top.sv:0$171'.
No latch inferred for signal `\compute_core.\a_wire[15]' from process `\compute_core.$proc$/home/pratibha/codefest/cf07/hdl/synth_top.sv:0$171'.
No latch inferred for signal `\compute_core.\b_wire[0]' from process `\compute_core.$proc$/home/pratibha/codefest/cf07/hdl/synth_top.sv:0$171'.
No latch inferred for signal `\compute_core.\b_wire[1]' from process `\compute_core.$proc$/home/pratibha/codefest/cf07/hdl/synth_top.sv:0$171'.
No latch inferred for signal `\compute_core.\b_wire[2]' from process `\compute_core.$proc$/home/pratibha/codefest/cf07/hdl/synth_top.sv:0$171'.
No latch inferred for signal `\compute_core.\b_wire[3]' from process `\compute_core.$proc$/home/pratibha/codefest/cf07/hdl/synth_top.sv:0$171'.
No latch inferred for signal `\compute_core.\b_wire[4]' from process `\compute_core.$proc$/home/pratibha/codefest/cf07/hdl/synth_top.sv:0$171'.
No latch inferred for signal `\compute_core.\b_wire[5]' from process `\compute_core.$proc$/home/pratibha/codefest/cf07/hdl/synth_top.sv:0$171'.
No latch inferred for signal `\compute_core.\b_wire[6]' from process `\compute_core.$proc$/home/pratibha/codefest/cf07/hdl/synth_top.sv:0$171'.
No latch inferred for signal `\compute_core.\b_wire[7]' from process `\compute_core.$proc$/home/pratibha/codefest/cf07/hdl/synth_top.sv:0$171'.
No latch inferred for signal `\compute_core.\b_wire[8]' from process `\compute_core.$proc$/home/pratibha/codefest/cf07/hdl/synth_top.sv:0$171'.
No latch inferred for signal `\compute_core.\b_wire[9]' from process `\compute_core.$proc$/home/pratibha/codefest/cf07/hdl/synth_top.sv:0$171'.
No latch inferred for signal `\compute_core.\b_wire[10]' from process `\compute_core.$proc$/home/pratibha/codefest/cf07/hdl/synth_top.sv:0$171'.
No latch inferred for signal `\compute_core.\b_wire[11]' from process `\compute_core.$proc$/home/pratibha/codefest/cf07/hdl/synth_top.sv:0$171'.
No latch inferred for signal `\compute_core.\b_wire[12]' from process `\compute_core.$proc$/home/pratibha/codefest/cf07/hdl/synth_top.sv:0$171'.
No latch inferred for signal `\compute_core.\b_wire[13]' from process `\compute_core.$proc$/home/pratibha/codefest/cf07/hdl/synth_top.sv:0$171'.
No latch inferred for signal `\compute_core.\b_wire[14]' from process `\compute_core.$proc$/home/pratibha/codefest/cf07/hdl/synth_top.sv:0$171'.
No latch inferred for signal `\compute_core.\b_wire[15]' from process `\compute_core.$proc$/home/pratibha/codefest/cf07/hdl/synth_top.sv:0$171'.
No latch inferred for signal `\compute_core.\a_fwd[0]' from process `\compute_core.$proc$/home/pratibha/codefest/cf07/hdl/synth_top.sv:0$171'.
No latch inferred for signal `\compute_core.\a_fwd[1]' from process `\compute_core.$proc$/home/pratibha/codefest/cf07/hdl/synth_top.sv:0$171'.
No latch inferred for signal `\compute_core.\a_fwd[2]' from process `\compute_core.$proc$/home/pratibha/codefest/cf07/hdl/synth_top.sv:0$171'.
No latch inferred for signal `\compute_core.\a_fwd[3]' from process `\compute_core.$proc$/home/pratibha/codefest/cf07/hdl/synth_top.sv:0$171'.
No latch inferred for signal `\compute_core.\a_fwd[4]' from process `\compute_core.$proc$/home/pratibha/codefest/cf07/hdl/synth_top.sv:0$171'.
No latch inferred for signal `\compute_core.\a_fwd[5]' from process `\compute_core.$proc$/home/pratibha/codefest/cf07/hdl/synth_top.sv:0$171'.
No latch inferred for signal `\compute_core.\a_fwd[6]' from process `\compute_core.$proc$/home/pratibha/codefest/cf07/hdl/synth_top.sv:0$171'.
No latch inferred for signal `\compute_core.\a_fwd[7]' from process `\compute_core.$proc$/home/pratibha/codefest/cf07/hdl/synth_top.sv:0$171'.
No latch inferred for signal `\compute_core.\a_fwd[8]' from process `\compute_core.$proc$/home/pratibha/codefest/cf07/hdl/synth_top.sv:0$171'.
No latch inferred for signal `\compute_core.\a_fwd[9]' from process `\compute_core.$proc$/home/pratibha/codefest/cf07/hdl/synth_top.sv:0$171'.
No latch inferred for signal `\compute_core.\a_fwd[10]' from process `\compute_core.$proc$/home/pratibha/codefest/cf07/hdl/synth_top.sv:0$171'.
No latch inferred for signal `\compute_core.\a_fwd[11]' from process `\compute_core.$proc$/home/pratibha/codefest/cf07/hdl/synth_top.sv:0$171'.
No latch inferred for signal `\compute_core.\a_fwd[12]' from process `\compute_core.$proc$/home/pratibha/codefest/cf07/hdl/synth_top.sv:0$171'.
No latch inferred for signal `\compute_core.\a_fwd[13]' from process `\compute_core.$proc$/home/pratibha/codefest/cf07/hdl/synth_top.sv:0$171'.
No latch inferred for signal `\compute_core.\a_fwd[14]' from process `\compute_core.$proc$/home/pratibha/codefest/cf07/hdl/synth_top.sv:0$171'.
No latch inferred for signal `\compute_core.\a_fwd[15]' from process `\compute_core.$proc$/home/pratibha/codefest/cf07/hdl/synth_top.sv:0$171'.
No latch inferred for signal `\compute_core.\b_fwd[0]' from process `\compute_core.$proc$/home/pratibha/codefest/cf07/hdl/synth_top.sv:0$171'.
No latch inferred for signal `\compute_core.\b_fwd[1]' from process `\compute_core.$proc$/home/pratibha/codefest/cf07/hdl/synth_top.sv:0$171'.
No latch inferred for signal `\compute_core.\b_fwd[2]' from process `\compute_core.$proc$/home/pratibha/codefest/cf07/hdl/synth_top.sv:0$171'.
No latch inferred for signal `\compute_core.\b_fwd[3]' from process `\compute_core.$proc$/home/pratibha/codefest/cf07/hdl/synth_top.sv:0$171'.
No latch inferred for signal `\compute_core.\b_fwd[4]' from process `\compute_core.$proc$/home/pratibha/codefest/cf07/hdl/synth_top.sv:0$171'.
No latch inferred for signal `\compute_core.\b_fwd[5]' from process `\compute_core.$proc$/home/pratibha/codefest/cf07/hdl/synth_top.sv:0$171'.
No latch inferred for signal `\compute_core.\b_fwd[6]' from process `\compute_core.$proc$/home/pratibha/codefest/cf07/hdl/synth_top.sv:0$171'.
No latch inferred for signal `\compute_core.\b_fwd[7]' from process `\compute_core.$proc$/home/pratibha/codefest/cf07/hdl/synth_top.sv:0$171'.
No latch inferred for signal `\compute_core.\b_fwd[8]' from process `\compute_core.$proc$/home/pratibha/codefest/cf07/hdl/synth_top.sv:0$171'.
No latch inferred for signal `\compute_core.\b_fwd[9]' from process `\compute_core.$proc$/home/pratibha/codefest/cf07/hdl/synth_top.sv:0$171'.
No latch inferred for signal `\compute_core.\b_fwd[10]' from process `\compute_core.$proc$/home/pratibha/codefest/cf07/hdl/synth_top.sv:0$171'.
No latch inferred for signal `\compute_core.\b_fwd[11]' from process `\compute_core.$proc$/home/pratibha/codefest/cf07/hdl/synth_top.sv:0$171'.
No latch inferred for signal `\compute_core.\b_fwd[12]' from process `\compute_core.$proc$/home/pratibha/codefest/cf07/hdl/synth_top.sv:0$171'.
No latch inferred for signal `\compute_core.\b_fwd[13]' from process `\compute_core.$proc$/home/pratibha/codefest/cf07/hdl/synth_top.sv:0$171'.
No latch inferred for signal `\compute_core.\b_fwd[14]' from process `\compute_core.$proc$/home/pratibha/codefest/cf07/hdl/synth_top.sv:0$171'.
No latch inferred for signal `\compute_core.\b_fwd[15]' from process `\compute_core.$proc$/home/pratibha/codefest/cf07/hdl/synth_top.sv:0$171'.
No latch inferred for signal `\compute_core.\acc_grid[0]' from process `\compute_core.$proc$/home/pratibha/codefest/cf07/hdl/synth_top.sv:0$171'.
No latch inferred for signal `\compute_core.\acc_grid[1]' from process `\compute_core.$proc$/home/pratibha/codefest/cf07/hdl/synth_top.sv:0$171'.
No latch inferred for signal `\compute_core.\acc_grid[2]' from process `\compute_core.$proc$/home/pratibha/codefest/cf07/hdl/synth_top.sv:0$171'.
No latch inferred for signal `\compute_core.\acc_grid[3]' from process `\compute_core.$proc$/home/pratibha/codefest/cf07/hdl/synth_top.sv:0$171'.
No latch inferred for signal `\compute_core.\acc_grid[4]' from process `\compute_core.$proc$/home/pratibha/codefest/cf07/hdl/synth_top.sv:0$171'.
No latch inferred for signal `\compute_core.\acc_grid[5]' from process `\compute_core.$proc$/home/pratibha/codefest/cf07/hdl/synth_top.sv:0$171'.
No latch inferred for signal `\compute_core.\acc_grid[6]' from process `\compute_core.$proc$/home/pratibha/codefest/cf07/hdl/synth_top.sv:0$171'.
No latch inferred for signal `\compute_core.\acc_grid[7]' from process `\compute_core.$proc$/home/pratibha/codefest/cf07/hdl/synth_top.sv:0$171'.
No latch inferred for signal `\compute_core.\acc_grid[8]' from process `\compute_core.$proc$/home/pratibha/codefest/cf07/hdl/synth_top.sv:0$171'.
No latch inferred for signal `\compute_core.\acc_grid[9]' from process `\compute_core.$proc$/home/pratibha/codefest/cf07/hdl/synth_top.sv:0$171'.
No latch inferred for signal `\compute_core.\acc_grid[10]' from process `\compute_core.$proc$/home/pratibha/codefest/cf07/hdl/synth_top.sv:0$171'.
No latch inferred for signal `\compute_core.\acc_grid[11]' from process `\compute_core.$proc$/home/pratibha/codefest/cf07/hdl/synth_top.sv:0$171'.
No latch inferred for signal `\compute_core.\acc_grid[12]' from process `\compute_core.$proc$/home/pratibha/codefest/cf07/hdl/synth_top.sv:0$171'.
No latch inferred for signal `\compute_core.\acc_grid[13]' from process `\compute_core.$proc$/home/pratibha/codefest/cf07/hdl/synth_top.sv:0$171'.
No latch inferred for signal `\compute_core.\acc_grid[14]' from process `\compute_core.$proc$/home/pratibha/codefest/cf07/hdl/synth_top.sv:0$171'.
No latch inferred for signal `\compute_core.\acc_grid[15]' from process `\compute_core.$proc$/home/pratibha/codefest/cf07/hdl/synth_top.sv:0$171'.
No latch inferred for signal `\fp32_adder.\lz' from process `\fp32_adder.$proc$/home/pratibha/codefest/cf07/hdl/synth_top.sv:0$212'.
