138. Printing statistics.

=== compute_core ===

   Number of wires:              30561
   Number of wire bits:          31198
   Number of public wires:         406
   Number of public wire bits:    1043
   Number of ports:                  6
   Number of port bits:            643
   Number of memories:               0
   Number of memory bits:            0
   Number of processes:              0
   Number of cells:              31067
     sky130_fd_sc_hd__a2111o_2      89
     sky130_fd_sc_hd__a2111oi_2     25
     sky130_fd_sc_hd__a211o_2      476
     sky130_fd_sc_hd__a211oi_2     183
     sky130_fd_sc_hd__a21bo_2      254
     sky130_fd_sc_hd__a21boi_2     101
     sky130_fd_sc_hd__a21o_2      1286
     sky130_fd_sc_hd__a21oi_2     1085
     sky130_fd_sc_hd__a221o_2      121
     sky130_fd_sc_hd__a221oi_2      18
     sky130_fd_sc_hd__a22o_2       441
     sky130_fd_sc_hd__a22oi_2      431
     sky130_fd_sc_hd__a2bb2o_2     182
     sky130_fd_sc_hd__a2bb2oi_2      3
     sky130_fd_sc_hd__a311o_2       58
     sky130_fd_sc_hd__a311oi_2      16
     sky130_fd_sc_hd__a31o_2       638
     sky130_fd_sc_hd__a31oi_2       75
     sky130_fd_sc_hd__a32o_2       143
     sky130_fd_sc_hd__a32oi_2       31
     sky130_fd_sc_hd__a41o_2        89
     sky130_fd_sc_hd__a41oi_2        9
     sky130_fd_sc_hd__and2_2      1710
     sky130_fd_sc_hd__and2b_2      561
     sky130_fd_sc_hd__and3_2       990
     sky130_fd_sc_hd__and3b_2      101
     sky130_fd_sc_hd__and4_2       680
     sky130_fd_sc_hd__and4b_2       60
     sky130_fd_sc_hd__and4bb_2      91
     sky130_fd_sc_hd__buf_2         16
     sky130_fd_sc_hd__dfxtp_2      896
     sky130_fd_sc_hd__inv_2       1205
     sky130_fd_sc_hd__mux2_1      1997
     sky130_fd_sc_hd__mux4_2        64
     sky130_fd_sc_hd__nand2_2     2877
     sky130_fd_sc_hd__nand2b_2     434
     sky130_fd_sc_hd__nand3_2      473
     sky130_fd_sc_hd__nand3b_2      41
     sky130_fd_sc_hd__nand4_2       93
     sky130_fd_sc_hd__nand4b_2       9
     sky130_fd_sc_hd__nor2_2      2547
     sky130_fd_sc_hd__nor3_2       205
     sky130_fd_sc_hd__nor3b_2       25
     sky130_fd_sc_hd__nor4_2        65
     sky130_fd_sc_hd__nor4b_2       14
     sky130_fd_sc_hd__o2111a_2      81
     sky130_fd_sc_hd__o2111ai_2     17
     sky130_fd_sc_hd__o211a_2      981
     sky130_fd_sc_hd__o211ai_2     192
     sky130_fd_sc_hd__o21a_2       592
     sky130_fd_sc_hd__o21ai_2      792
     sky130_fd_sc_hd__o21ba_2      203
     sky130_fd_sc_hd__o21bai_2     190
     sky130_fd_sc_hd__o221a_2      163
     sky130_fd_sc_hd__o221ai_2      20
     sky130_fd_sc_hd__o22a_2       244
     sky130_fd_sc_hd__o22ai_2       61
     sky130_fd_sc_hd__o2bb2a_2     221
     sky130_fd_sc_hd__o2bb2ai_2      3
     sky130_fd_sc_hd__o311a_2       75
     sky130_fd_sc_hd__o311ai_2      10
     sky130_fd_sc_hd__o31a_2       211
     sky130_fd_sc_hd__o31ai_2       70
     sky130_fd_sc_hd__o32a_2       109
     sky130_fd_sc_hd__o32ai_2       15
     sky130_fd_sc_hd__o41a_2        54
     sky130_fd_sc_hd__o41ai_2       11
     sky130_fd_sc_hd__or2_2       1764
     sky130_fd_sc_hd__or3_2        677
     sky130_fd_sc_hd__or3b_2       152
     sky130_fd_sc_hd__or4_2        359
     sky130_fd_sc_hd__or4b_2       106
     sky130_fd_sc_hd__or4bb_2       47
     sky130_fd_sc_hd__xnor2_2     1844
     sky130_fd_sc_hd__xor2_2       895

   Chip area for module '\compute_core': 298002.057600
     of which used for sequential elements: 19058.278400 (6.40%)

